// Jest Snapshot v1, https://goo.gl/fbAQLP

exports[`Calculator component snapshot Matches the snapshot 1`] = `
<div
  className="calculator"
>
  <div
    className="display"
  >
    0
  </div>
  <div
    className="buttons"
  >
    <button
      className="b7"
      onClick={[Function]}
    >
      7
    </button>
    <button
      className="b8"
      onClick={[Function]}
    >
      8
    </button>
    <button
      className="b9"
      onClick={[Function]}
    >
      9
    </button>
    <button
      className="division"
      onClick={[Function]}
    >
      รท
    </button>
    <button
      className="special-button clear-all"
      onClick={[Function]}
    >
      C
    </button>
    <button
      className="b4"
      onClick={[Function]}
    >
      4
    </button>
    <button
      className="b5"
      onClick={[Function]}
    >
      5
    </button>
    <button
      className="b6"
      onClick={[Function]}
    >
      6
    </button>
    <button
      className="multiplication"
      onClick={[Function]}
    >
      ร
    </button>
    <button
      className="special-button clear-entry"
      onClick={[Function]}
    >
      CE
    </button>
    <button
      className="b1"
      onClick={[Function]}
    >
      1
    </button>
    <button
      className="b2"
      onClick={[Function]}
    >
      2
    </button>
    <button
      className="b3"
      onClick={[Function]}
    >
      3
    </button>
    <button
      className="substraction"
      onClick={[Function]}
    >
      -
    </button>
    <button
      className="special-button delete"
      onClick={[Function]}
    >
      DEL
    </button>
    <button
      className="b0"
      onClick={[Function]}
    >
      0
    </button>
    <button
      className="point"
      onClick={[Function]}
    >
      .
    </button>
    <button
      className="equals"
      onClick={[Function]}
    >
      =
    </button>
    <button
      className="addition"
      onClick={[Function]}
    >
      +
    </button>
    <button
      className="special-button about"
      onClick={[Function]}
    >
      A
    </button>
  </div>
</div>
`;
